
  .   ____          _            __ _ _
 /\\ / ___'_ __ _ _(_)_ __  __ _ \ \ \ \
( ( )\___ | '_ | '_| | '_ \/ _` | \ \ \ \
 \\/  ___)| |_)| | | | | || (_| |  ) ) ) )
  '  |____| .__|_| |_|_| |_\__, | / / / /
 =========|_|==============|___/=/_/_/_/

 :: Spring Boot ::                (v3.3.2)

2026-08-12T10:51:56.702-04:00  INFO 22996 --- [           main] c.i.admin.InsuranceAdminApplication      : Starting InsuranceAdminApplication v1.0.0-SNAPSHOT using Java 21.0.12 with PID 22996 (C:\Users\kevinmanu\demo\insurance-refactoring-demo\target\insurance-refactoring-demo-1.0.0-SNAPSHOT.jar started by kevinmanu in C:\Users\kevinmanu\demo\insurance-refactoring-demo)
2026-08-12T10:51:56.715-04:00  INFO 22996 --- [           main] c.i.admin.InsuranceAdminApplication      : No active profile set, falling back to 1 default profile: "default"
2026-08-12T10:51:59.136-04:00  INFO 22996 --- [           main] .s.d.r.c.RepositoryConfigurationDelegate : Bootstrapping Spring Data JPA repositories in DEFAULT mode.
2026-08-12T10:51:59.308-04:00  INFO 22996 --- [           main] .s.d.r.c.RepositoryConfigurationDelegate : Finished Spring Data repository scanning in 156 ms. Found 4 JPA repository interfaces.
2026-08-12T10:52:01.310-04:00  INFO 22996 --- [           main] o.s.b.w.embedded.tomcat.TomcatWebServer  : Tomcat initialized with port 8080 (http)
2026-08-12T10:52:01.342-04:00  INFO 22996 --- [           main] o.apache.catalina.core.StandardService   : Starting service [Tomcat]
2026-08-12T10:52:01.343-04:00  INFO 22996 --- [           main] o.apache.catalina.core.StandardEngine    : Starting Servlet engine: [Apache Tomcat/10.1.26]
2026-08-12T10:52:01.424-04:00  INFO 22996 --- [           main] o.a.c.c.C.[Tomcat].[localhost].[/]       : Initializing Spring embedded WebApplicationContext
2026-08-12T10:52:01.429-04:00  INFO 22996 --- [           main] w.s.c.ServletWebServerApplicationContext : Root WebApplicationContext: initialization completed in 4531 ms
2026-08-12T10:52:01.577-04:00  INFO 22996 --- [           main] com.zaxxer.hikari.HikariDataSource       : HikariPool-1 - Starting...
2026-08-12T10:52:02.246-04:00  INFO 22996 --- [           main] com.zaxxer.hikari.pool.HikariPool        : HikariPool-1 - Added connection conn0: url=jdbc:h2:mem:legacy_insurance_db user=SA
2026-08-12T10:52:02.266-04:00  INFO 22996 --- [           main] com.zaxxer.hikari.HikariDataSource       : HikariPool-1 - Start completed.
2026-08-12T10:52:02.382-04:00  INFO 22996 --- [           main] o.s.b.a.h2.H2ConsoleAutoConfiguration    : H2 console available at '/h2-console'. Database available at 'jdbc:h2:mem:legacy_insurance_db'
2026-08-12T10:52:03.058-04:00  INFO 22996 --- [           main] o.hibernate.jpa.internal.util.LogHelper  : HHH000204: Processing PersistenceUnitInfo [name: default]
2026-08-12T10:52:03.213-04:00  INFO 22996 --- [           main] org.hibernate.Version                    : HHH000412: Hibernate ORM core version 6.5.2.Final
2026-08-12T10:52:03.280-04:00  INFO 22996 --- [           main] o.h.c.internal.RegionFactoryInitiator    : HHH000026: Second-level cache disabled
2026-08-12T10:52:03.846-04:00  INFO 22996 --- [           main] o.s.o.j.p.SpringPersistenceUnitInfo      : No LoadTimeWeaver setup: ignoring JPA class transformer
2026-08-12T10:52:05.684-04:00  INFO 22996 --- [           main] o.h.e.t.j.p.i.JtaPlatformInitiator       : HHH000489: No JTA platform available (set 'hibernate.transaction.jta.platform' to enable JTA platform integration)
2026-08-12T10:52:05.822-04:00 DEBUG 22996 --- [           main] org.hibernate.SQL                        : 
    create table billing (
        id bigint generated by default as identity,
        amount numeric(38,2),
        due_date date,
        paid_date date,
        payment_status varchar(255),
        policy_id bigint,
        primary key (id)
    )
Hibernate: 
    create table billing (
        id bigint generated by default as identity,
        amount numeric(38,2),
        due_date date,
        paid_date date,
        payment_status varchar(255),
        policy_id bigint,
        primary key (id)
    )
2026-08-12T10:52:05.840-04:00 DEBUG 22996 --- [           main] org.hibernate.SQL                        : 
    create table claims (
        id bigint generated by default as identity,
        claim_amount numeric(38,2),
        claim_reason varchar(255),
        incident_date date,
        policy_id bigint,
        status varchar(255),
        primary key (id)
    )
Hibernate: 
    create table claims (
        id bigint generated by default as identity,
        claim_amount numeric(38,2),
        claim_reason varchar(255),
        incident_date date,
        policy_id bigint,
        status varchar(255),
        primary key (id)
    )
2026-08-12T10:52:05.844-04:00 DEBUG 22996 --- [           main] org.hibernate.SQL                        : 
    create table customers (
        id bigint generated by default as identity,
        address varchar(255),
        cust_nm varchar(255),
        email varchar(255),
        phone_no varchar(255),
        risk_score integer,
        primary key (id)
    )
Hibernate: 
    create table customers (
        id bigint generated by default as identity,
        address varchar(255),
        cust_nm varchar(255),
        email varchar(255),
        phone_no varchar(255),
        risk_score integer,
        primary key (id)
    )
2026-08-12T10:52:05.854-04:00 DEBUG 22996 --- [           main] org.hibernate.SQL                        : 
    create table policies (
        policy_id bigint generated by default as identity,
        customer_id bigint,
        end_date date,
        policy_type varchar(255),
        premium numeric(38,2),
        start_date date,
        status varchar(255),
        underwriting_decision varchar(255),
        primary key (policy_id)
    )
Hibernate: 
    create table policies (
        policy_id bigint generated by default as identity,
        customer_id bigint,
        end_date date,
        policy_type varchar(255),
        premium numeric(38,2),
        start_date date,
        status varchar(255),
        underwriting_decision varchar(255),
        primary key (policy_id)
    )
2026-08-12T10:52:05.858-04:00  INFO 22996 --- [           main] j.LocalContainerEntityManagerFactoryBean : Initialized JPA EntityManagerFactory for persistence unit 'default'
2026-08-12T10:52:07.559-04:00  WARN 22996 --- [           main] JpaBaseConfiguration$JpaWebConfiguration : spring.jpa.open-in-view is enabled by default. Therefore, database queries may be performed during view rendering. Explicitly configure spring.jpa.open-in-view to disable this warning
2026-08-12T10:52:08.755-04:00  INFO 22996 --- [           main] o.s.b.w.embedded.tomcat.TomcatWebServer  : Tomcat started on port 8080 (http) with context path '/'
2026-08-12T10:52:08.832-04:00  INFO 22996 --- [           main] c.i.admin.InsuranceAdminApplication      : Started InsuranceAdminApplication in 13.288 seconds (process running for 14.814)
2026-08-12T10:52:23.659-04:00  INFO 22996 --- [nio-8080-exec-9] o.a.c.c.C.[Tomcat].[localhost].[/]       : Initializing Spring DispatcherServlet 'dispatcherServlet'
2026-08-12T10:52:23.660-04:00  INFO 22996 --- [nio-8080-exec-9] o.s.web.servlet.DispatcherServlet        : Initializing Servlet 'dispatcherServlet'
2026-08-12T10:52:23.666-04:00  INFO 22996 --- [nio-8080-exec-9] o.s.web.servlet.DispatcherServlet        : Completed initialization in 5 ms
2026-08-12T10:52:23.899-04:00 DEBUG 22996 --- [nio-8080-exec-9] org.hibernate.SQL                        : 
    insert 
    into
        customers
        (address, cust_nm, email, phone_no, risk_score, id) 
    values
        (?, ?, ?, ?, ?, default)
Hibernate: 
    insert 
    into
        customers
        (address, cust_nm, email, phone_no, risk_score, id) 
    values
        (?, ?, ?, ?, ?, default)
2026-08-12T10:52:24.157-04:00 DEBUG 22996 --- [nio-8080-exec-4] org.hibernate.SQL                        : 
    select
        cr1_0.id,
        cr1_0.address,
        cr1_0.cust_nm,
        cr1_0.email,
        cr1_0.phone_no,
        cr1_0.risk_score 
    from
        customers cr1_0 
    where
        cr1_0.id=?
Hibernate: 
    select
        cr1_0.id,
        cr1_0.address,
        cr1_0.cust_nm,
        cr1_0.email,
        cr1_0.phone_no,
        cr1_0.risk_score 
    from
        customers cr1_0 
    where
        cr1_0.id=?
2026-08-12T10:52:24.211-04:00 DEBUG 22996 --- [nio-8080-exec-4] org.hibernate.SQL                        : 
    insert 
    into
        policies
        (customer_id, end_date, policy_type, premium, start_date, status, underwriting_decision, policy_id) 
    values
        (?, ?, ?, ?, ?, ?, ?, default)
Hibernate: 
    insert 
    into
        policies
        (customer_id, end_date, policy_type, premium, start_date, status, underwriting_decision, policy_id) 
    values
        (?, ?, ?, ?, ?, ?, ?, default)
2026-08-12T10:52:24.252-04:00 DEBUG 22996 --- [nio-8080-exec-5] org.hibernate.SQL                        : 
    select
        pr1_0.policy_id,
        pr1_0.customer_id,
        pr1_0.end_date,
        pr1_0.policy_type,
        pr1_0.premium,
        pr1_0.start_date,
        pr1_0.status,
        pr1_0.underwriting_decision 
    from
        policies pr1_0 
    where
        pr1_0.policy_id=?
Hibernate: 
    select
        pr1_0.policy_id,
        pr1_0.customer_id,
        pr1_0.end_date,
        pr1_0.policy_type,
        pr1_0.premium,
        pr1_0.start_date,
        pr1_0.status,
        pr1_0.underwriting_decision 
    from
        policies pr1_0 
    where
        pr1_0.policy_id=?
2026-08-12T10:52:30.635-04:00 DEBUG 22996 --- [nio-8080-exec-7] org.hibernate.SQL                        : 
    select
        pr1_0.policy_id,
        pr1_0.customer_id,
        pr1_0.end_date,
        pr1_0.policy_type,
        pr1_0.premium,
        pr1_0.start_date,
        pr1_0.status,
        pr1_0.underwriting_decision 
    from
        policies pr1_0 
    where
        pr1_0.policy_id=?
Hibernate: 
    select
        pr1_0.policy_id,
        pr1_0.customer_id,
        pr1_0.end_date,
        pr1_0.policy_type,
        pr1_0.premium,
        pr1_0.start_date,
        pr1_0.status,
        pr1_0.underwriting_decision 
    from
        policies pr1_0 
    where
        pr1_0.policy_id=?
2026-08-12T10:52:30.750-04:00 DEBUG 22996 --- [io-8080-exec-10] org.hibernate.SQL                        : 
    select
        pr1_0.policy_id,
        pr1_0.customer_id,
        pr1_0.end_date,
        pr1_0.policy_type,
        pr1_0.premium,
        pr1_0.start_date,
        pr1_0.status,
        pr1_0.underwriting_decision 
    from
        policies pr1_0 
    where
        pr1_0.policy_id=?
Hibernate: 
    select
        pr1_0.policy_id,
        pr1_0.customer_id,
        pr1_0.end_date,
        pr1_0.policy_type,
        pr1_0.premium,
        pr1_0.start_date,
        pr1_0.status,
        pr1_0.underwriting_decision 
    from
        policies pr1_0 
    where
        pr1_0.policy_id=?
2026-08-12T10:52:30.975-04:00 DEBUG 22996 --- [nio-8080-exec-2] org.hibernate.SQL                        : 
    select
        pr1_0.policy_id,
        pr1_0.customer_id,
        pr1_0.end_date,
        pr1_0.policy_type,
        pr1_0.premium,
        pr1_0.start_date,
        pr1_0.status,
        pr1_0.underwriting_decision 
    from
        policies pr1_0 
    where
        pr1_0.customer_id=?
Hibernate: 
    select
        pr1_0.policy_id,
        pr1_0.customer_id,
        pr1_0.end_date,
        pr1_0.policy_type,
        pr1_0.premium,
        pr1_0.start_date,
        pr1_0.status,
        pr1_0.underwriting_decision 
    from
        policies pr1_0 
    where
        pr1_0.customer_id=?
2026-08-12T10:52:31.052-04:00 DEBUG 22996 --- [nio-8080-exec-9] org.hibernate.SQL                        : 
    select
        pr1_0.policy_id,
        pr1_0.customer_id,
        pr1_0.end_date,
        pr1_0.policy_type,
        pr1_0.premium,
        pr1_0.start_date,
        pr1_0.status,
        pr1_0.underwriting_decision 
    from
        policies pr1_0
Hibernate: 
    select
        pr1_0.policy_id,
        pr1_0.customer_id,
        pr1_0.end_date,
        pr1_0.policy_type,
        pr1_0.premium,
        pr1_0.start_date,
        pr1_0.status,
        pr1_0.underwriting_decision 
    from
        policies pr1_0
